// Jest Snapshot v1, https://goo.gl/fbAQLP

exports[`testing to Item component should return Item component 1`] = `
<div
  className="container_item"
>
  <a
    aria-current="page"
    className="linkOpen active"
    href="/users"
    onClick={[Function]}
  >
    <div />
    <p>
      Usuarios
    </p>
  </a>
</div>
`;
